Warning: You are sending unauthenticated requests to the HF Hub. Please set a HF_TOKEN to enable higher rate limits and faster downloads.
D:\Delfi\projects\pep-Delfi\.venv\Lib\site-packages\huggingface_hub\file_download.py:149: UserWarning: `huggingface_hub` cache-system uses symlinks by default to efficiently store duplicated files but your machine does not support them in C:\Users\Delfi\.cache\huggingface\hub\models--distilbert-base-uncased. Caching files will still work but in a degraded version that might require more space on your disk. This warning can be disabled by setting the `HF_HUB_DISABLE_SYMLINKS_WARNING` environment variable. For more details, see https://huggingface.co/docs/huggingface_hub/how-to-cache#limitations.
To support symlinks on Windows, you either need to activate Developer Mode or to run Python as an administrator. In order to activate developer mode, see this article: https://docs.microsoft.com/en-us/windows/apps/get-started/enable-your-device-for-development
  warnings.warn(message)
device: cuda NVIDIA GeForce RTX 3050 6GB Laptop GPU
stage 1: 14,625 conversations
D:\Delfi\projects\pep-Delfi\.venv\Lib\site-packages\huggingface_hub\file_download.py:149: UserWarning: `huggingface_hub` cache-system uses symlinks by default to efficiently store duplicated files but your machine does not support them in C:\Users\Delfi\.cache\huggingface\hub. Caching files will still work but in a degraded version that might require more space on your disk. This warning can be disabled by setting the `HF_HUB_DISABLE_SYMLINKS_WARNING` environment variable. For more details, see https://huggingface.co/docs/huggingface_hub/how-to-cache#limitations.
To support symlinks on Windows, you either need to activate Developer Mode or to run Python as an administrator. In order to activate developer mode, see this article: https://docs.microsoft.com/en-us/windows/apps/get-started/enable-your-device-for-development
  warnings.warn(message)
Loading weights:   0%|          | 0/100 [00:00<?, ?it/s]Loading weights:  18%|#8        | 18/100 [00:00<00:00, 171.49it/s]Loading weights: 100%|##########| 100/100 [00:00<00:00, 510.21it/s]
[transformers] [1mDistilBertForSequenceClassification LOAD REPORT[0m from: distilbert-base-uncased
Key                     | Status     | 
------------------------+------------+-
vocab_transform.bias    | UNEXPECTED | 
vocab_layer_norm.bias   | UNEXPECTED | 
vocab_projector.bias    | UNEXPECTED | 
vocab_transform.weight  | UNEXPECTED | 
vocab_layer_norm.weight | UNEXPECTED | 
pre_classifier.weight   | MISSING    | 
pre_classifier.bias     | MISSING    | 
classifier.weight       | MISSING    | 
classifier.bias         | MISSING    | 

Notes:
- UNEXPECTED:	can be ignored when loading from different task/architecture; not ok if you expect identical arch.
- MISSING:	those params were newly initialized because missing from the checkpoint. Consider training on your downstream task.
[transformers] Token indices sequence length is longer than the specified maximum sequence length for this model (637 > 512). Running this sequence through the model will result in indexing errors
  epoch 1/2 loss=0.2034 (153s)
  epoch 2/2 loss=0.0742 (153s)
stage 2: 2,475 author documents
Loading weights:   0%|          | 0/100 [00:00<?, ?it/s]Loading weights:   7%|7         | 7/100 [00:00<00:01, 55.52it/s]Loading weights: 100%|##########| 100/100 [00:00<00:00, 657.00it/s]
[transformers] [1mDistilBertForSequenceClassification LOAD REPORT[0m from: distilbert-base-uncased
Key                     | Status     | 
------------------------+------------+-
vocab_transform.bias    | UNEXPECTED | 
vocab_layer_norm.bias   | UNEXPECTED | 
vocab_projector.bias    | UNEXPECTED | 
vocab_transform.weight  | UNEXPECTED | 
vocab_layer_norm.weight | UNEXPECTED | 
pre_classifier.weight   | MISSING    | 
pre_classifier.bias     | MISSING    | 
classifier.weight       | MISSING    | 
classifier.bias         | MISSING    | 

Notes:
- UNEXPECTED:	can be ignored when loading from different task/architecture; not ok if you expect identical arch.
- MISSING:	those params were newly initialized because missing from the checkpoint. Consider training on your downstream task.
  epoch 1/3 loss=0.4712 (26s)
  epoch 2/3 loss=0.2501 (26s)
  epoch 3/3 loss=0.1686 (26s)
tuned: 0.998 0.98 val F0.5 = 0.8252
scoring test set ...
Writing model shards:   0%|          | 0/1 [00:00<?, ?it/s]Writing model shards: 100%|##########| 1/1 [00:00<00:00,  5.67it/s]Writing model shards: 100%|##########| 1/1 [00:00<00:00,  5.67it/s]
Writing model shards:   0%|          | 0/1 [00:00<?, ?it/s]Writing model shards: 100%|##########| 1/1 [00:00<00:00,  5.90it/s]Writing model shards: 100%|##########| 1/1 [00:00<00:00,  5.90it/s]
TEST author-level: P=0.9655 R=0.6614 F1=0.785 F0.5=0.8842 acc=0.9996
